// Jest Snapshot v1, https://goo.gl/fbAQLP

exports[`Pruebas del componente GifItem Evaluar el screenshop 1`] = `
<div>
  <div
    class="card"
  >
    <img
      alt="Kimetsu no yaiba"
      src="https://kimetsu-no-yaiba.com/kimetsu.jpg"
    />
    <p>
      Kimetsu no yaiba
    </p>
  </div>
</div>
`;
